Microsoft Windows [Version 10.0.15063]
(c) 2017 Microsoft Corporation. All rights reserved.

C:\Users\GDJ_19>git help-
git: 'help-' is not a git command. See 'git --help'.

The most similar command is
        help

C:\Users\GDJ_19>git -help
unknown option: -help
usage: git [--version] [--help] [-C <path>] [-c <name>=<value>]
           [--exec-path[=<path>]] [--html-path] [--man-path] [--info-path]
           [-p | --paginate | -P | --no-pager] [--no-replace-objects] [--bare]
           [--git-dir=<path>] [--work-tree=<path>] [--namespace=<name>]
           <command> [<args>]

C:\Users\GDJ_19>git help
usage: git [--version] [--help] [-C <path>] [-c <name>=<value>]
           [--exec-path[=<path>]] [--html-path] [--man-path] [--info-path]
           [-p | --paginate | -P | --no-pager] [--no-replace-objects] [--bare]
           [--git-dir=<path>] [--work-tree=<path>] [--namespace=<name>]
           <command> [<args>]

These are common Git commands used in various situations:

start a working area (see also: git help tutorial)
   clone     Clone a repository into a new directory
   init      Create an empty Git repository or reinitialize an existing one

work on the current change (see also: git help everyday)
   add       Add file contents to the index
   mv        Move or rename a file, a directory, or a symlink
   restore   Restore working tree files
   rm        Remove files from the working tree and from the index

examine the history and state (see also: git help revisions)
   bisect    Use binary search to find the commit that introduced a bug
   diff      Show changes between commits, commit and working tree, etc
   grep      Print lines matching a pattern
   log       Show commit logs
   show      Show various types of objects
   status    Show the working tree status

grow, mark and tweak your common history
   branch    List, create, or delete branches
   commit    Record changes to the repository
   merge     Join two or more development histories together
   rebase    Reapply commits on top of another base tip
   reset     Reset current HEAD to the specified state
   switch    Switch branches
   tag       Create, list, delete or verify a tag object signed with GPG

collaborate (see also: git help workflows)
   fetch     Download objects and refs from another repository
   pull      Fetch from and integrate with another repository or a local branch
   push      Update remote refs along with associated objects

'git help -a' and 'git help -g' list available subcommands and some
concept guides. See 'git help <command>' or 'git help <concept>'
to read about a specific subcommand or concept.
See 'git help git' for an overview of the system.

C:\Users\GDJ_19>cd
C:\Users\GDJ_19

C:\Users\GDJ_19>D:\study\algostudy
'D:\study\algostudy'은(는) 내부 또는 외부 명령, 실행할 수 있는 프로그램, 또는
배치 파일이 아닙니다.

C:\Users\GDJ_19>cd D:\study\algostudy

C:\Users\GDJ_19>cd
C:\Users\GDJ_19

C:\Users\GDJ_19>cd
C:\Users\GDJ_19

C:\Users\GDJ_19>cd
C:\Users\GDJ_19

C:\Users\GDJ_19>cd
C:\Users\GDJ_19

C:\Users\GDJ_19>cd
C:\Users\GDJ_19

C:\Users\GDJ_19>cd
C:\Users\GDJ_19

C:\Users\GDJ_19>-cd D:\study\algostudy
'-cd'은(는) 내부 또는 외부 명령, 실행할 수 있는 프로그램, 또는
배치 파일이 아닙니다.

C:\Users\GDJ_19>cd- D:\study\algostudy
'cd-'은(는) 내부 또는 외부 명령, 실행할 수 있는 프로그램, 또는
배치 파일이 아닙니다.

C:\Users\GDJ_19>D:\study\algostudy
'D:\study\algostudy'은(는) 내부 또는 외부 명령, 실행할 수 있는 프로그램, 또는
배치 파일이 아닙니다.

C:\Users\GDJ_19>cd..

C:\Users>cd..

C:\>cd..

C:\>D:\study\algostudy
'D:\study\algostudy'은(는) 내부 또는 외부 명령, 실행할 수 있는 프로그램, 또는
배치 파일이 아닙니다.

C:\>cd..D:\study\algostudy
파일 이름, 디렉터리 이름 또는 볼륨 레이블 구문이 잘못되었습니다.

C:\>cd D:\study\algostudy

C:\>cd.. D:\study\algostudy
파일 이름, 디렉터리 이름 또는 볼륨 레이블 구문이 잘못되었습니다.

C:\>cd D:\study\algostudy

C:\>algostudy
'algostudy'은(는) 내부 또는 외부 명령, 실행할 수 있는 프로그램, 또는
배치 파일이 아닙니다.

C:\>cd C:\algostudy

C:\algostudy>git clone https://github.com/sujl95/GD_algostudy.git
Cloning into 'GD_algostudy'...
remote: Enumerating objects: 19, done.
remote: Counting objects: 100% (19/19), done.
remote: Compressing objects: 100% (11/11), done.
remote: Total 19 (delta 6), reused 13 (delta 4), pack-reused 0
Unpacking objects: 100% (19/19), done.

C:\algostudy>git config --global core.quotepath false

C:\algostudy>git remote
fatal: not a git repository (or any of the parent directories): .git

C:\algostudy>cd gd_algostuey
지정된 경로를 찾을 수 없습니다.

C:\algostudy>cd gd_algostudy

C:\algostudy\GD_algostudy>git remote -v
origin  https://github.com/sujl95/GD_algostudy.git (fetch)
origin  https://github.com/sujl95/GD_algostudy.git (push)

C:\algostudy\GD_algostudy>git remote add upstream git@github.com:J511Y/Goodee-algostudy.git

C:\algostudy\GD_algostudy>git remote -v
origin  https://github.com/sujl95/GD_algostudy.git (fetch)
origin  https://github.com/sujl95/GD_algostudy.git (push)
upstream        git@github.com:J511Y/Goodee-algostudy.git (fetch)
upstream        git@github.com:J511Y/Goodee-algostudy.git (push)

C:\algostudy\GD_algostudy>git commit -m 'upload'

*** Please tell me who you are.

Run

  git config --global user.email "you@example.com"
  git config --global user.name "Your Name"

to set your account's default identity.
Omit --global to set the identity only in this repository.

fatal: unable to auto-detect email address (got 'GDJ_19@DESKTOP-HJNG9HU.(none)')

C:\algostudy\GD_algostudy>git add *

C:\algostudy\GD_algostudy>git commit -m sujl95@naver.com

*** Please tell me who you are.

Run

  git config --global user.email "you@example.com"
  git config --global user.name "Your Name"

to set your account's default identity.
Omit --global to set the identity only in this repository.

fatal: unable to auto-detect email address (got 'GDJ_19@DESKTOP-HJNG9HU.(none)')

C:\algostudy\GD_algostudy>git config --global user.email "sujl95@naver.com"

C:\algostudy\GD_algostudy>git push origin master
Everything up-to-date

C:\algostudy\GD_algostudy>git add *

C:\algostudy\GD_algostudy>git commit -m
error: switch `m' requires a value

C:\algostudy\GD_algostudy>git commit -m "upload"
[master 10a872d] upload
 1 file changed, 0 insertions(+), 0 deletions(-)
 create mode 100644 [1주차]알고리즘분석, 1차원 배열/이성준/이성준.txt

C:\algostudy\GD_algostudy>git push
Enumerating objects: 7, done.
Counting objects: 100% (7/7), done.
Delta compression using up to 4 threads
Compressing objects: 100% (3/3), done.
Writing objects: 100% (5/5), 383 bytes | 383.00 KiB/s, done.
Total 5 (delta 1), reused 0 (delta 0)
remote: Resolving deltas: 100% (1/1), completed with 1 local object.
To https://github.com/sujl95/GD_algostudy.git
   0c75c40..10a872d  master -> master

C:\algostudy\GD_algostudy>git config --global user.name J511Y

C:\algostudy\GD_algostudy>git config --global user.name sujl95

C:\algostudy\GD_algostudy>git config --global user.name sujl95@naver.com

C:\algostudy\GD_algostudy>git add *

C:\algostudy\GD_algostudy>git commit -m
error: switch `m' requires a value

C:\algostudy\GD_algostudy>git commit -m "first pr"
On branch master
Your branch is up to date with 'origin/master'.

nothing to commit, working tree clean

C:\algostudy\GD_algostudy>git push
Everything up-to-date

C:\algostudy\GD_algostudy>git push origin master
Everything up-to-date

C:\algostudy\GD_algostudy>git branch
* master

C:\algostudy\GD_algostudy>git checkout -b practice
Switched to a new branch 'practice'

C:\algostudy\GD_algostudy>git branch
  master
* practice

C:\algostudy\GD_algostudy>git pull upstream master
The authenticity of host 'github.com (52.78.231.108)' can't be established.
RSA key fingerprint is SHA256:nThbg6kXUpJWGl7E1IGOCspRomTxdCARLviKw6E5SY8.
Are you sure you want to continue connecting (yes/no/[fingerprint])? yes
Warning: Permanently added 'github.com,52.78.231.108' (RSA) to the list of known hosts.
git@github.com: Permission denied (publickey).
fatal: Could not read from remote repository.

Please make sure you have the correct access rights
and the repository exists.

C:\algostudy\GD_algostudy>git pull
There is no tracking information for the current branch.
Please specify which branch you want to merge with.
See git-pull(1) for details.

    git pull <remote> <branch>

If you wish to set tracking information for this branch you can do so with:

    git branch --set-upstream-to=<remote>/<branch> practice


C:\algostudy\GD_algostudy>git add *

C:\algostudy\GD_algostudy>git commit -m "first branch"
On branch practice
nothing to commit, working tree clean

C:\algostudy\GD_algostudy>git push
fatal: The current branch practice has no upstream branch.
To push the current branch and set the remote as upstream, use

    git push --set-upstream origin practice


C:\algostudy\GD_algostudy>git commit -m "first branch"
On branch practice
nothing to commit, working tree clean

C:\algostudy\GD_algostudy>git pust origin master
git: 'pust' is not a git command. See 'git --help'.

The most similar command is
        push

C:\algostudy\GD_algostudy>git commit -m "first branch"
On branch practice
nothing to commit, working tree clean

C:\algostudy\GD_algostudy>git push origin master
Everything up-to-date

C:\algostudy\GD_algostudy>git pust origin practice
git: 'pust' is not a git command. See 'git --help'.

The most similar command is
        push

C:\algostudy\GD_algostudy>git add *

C:\algostudy\GD_algostudy>git commit -m "first branch"
On branch practice
nothing to commit, working tree clean

C:\algostudy\GD_algostudy>git push origin practice
Total 0 (delta 0), reused 0 (delta 0)
remote:
remote: Create a pull request for 'practice' on GitHub by visiting:
remote:      https://github.com/sujl95/GD_algostudy/pull/new/practice
remote:
To https://github.com/sujl95/GD_algostudy.git
 * [new branch]      practice -> practice

C:\algostudy\GD_algostudy>git pull upstream master
Warning: Permanently added the RSA host key for IP address '15.164.81.167' to the list of known hosts.
git@github.com: Permission denied (publickey).
fatal: Could not read from remote repository.

Please make sure you have the correct access rights
and the repository exists.

C:\algostudy\GD_algostudy>git remote -v
origin  https://github.com/sujl95/GD_algostudy.git (fetch)
origin  https://github.com/sujl95/GD_algostudy.git (push)
upstream        git@github.com:J511Y/Goodee-algostudy.git (fetch)
upstream        git@github.com:J511Y/Goodee-algostudy.git (push)

C:\algostudy\GD_algostudy>git remote remove upstream

C:\algostudy\GD_algostudy>git remote add upstream https://github.com/J511Y/GD_algostudy.git

C:\algostudy\GD_algostudy>git pull upstream master
remote: Enumerating objects: 92, done.
remote: Counting objects: 100% (92/92), done.
remote: Compressing objects: 100% (58/58), done.
remote: Total 88 (delta 35), reused 53 (delta 10), pack-reused 0
Unpacking objects: 100% (88/88), done.
From https://github.com/J511Y/GD_algostudy
 * branch            master     -> FETCH_HEAD
 * [new branch]      master     -> upstream/master
Updating 10a872d..cb2421e
Fast-forward
 [1주차]알고리즘분석, 1차원 배열/김경택/김경택.txt      | 1 +
 [1주차]알고리즘분석, 1차원 배열/김정우/김정우.txt      | 1 +
 .../성윤제/새 텍스트 문서.txt                                   | 0
 [1주차]알고리즘분석, 1차원 배열/신소연/다시다시.txt   | 1 +
 [1주차]알고리즘분석, 1차원 배열/신소연/신소연.txt      | 1 +
 [1주차]알고리즘분석, 1차원 배열/심윤정/심윤정.txt      | 1 +
 [1주차]알고리즘분석, 1차원 배열/유준혁/유준혁.txt.txt  | 1 +
 [1주차]알고리즘분석, 1차원 배열/전서현/aaa.txt            | 0
 [1주차]알고리즘분석, 1차원 배열/정준영/정준영.txt      | 1 +
 [1주차]알고리즘분석, 1차원 배열/차승연/차승연.txt.txt  | 1 +
 [1주차]알고리즘분석, 1차원 배열/최윤정/최윤정.txt      | 1 +
 11 files changed, 9 insertions(+)
 create mode 100644 [1주차]알고리즘분석, 1차원 배열/김경택/김경택.txt
 create mode 100644 [1주차]알고리즘분석, 1차원 배열/김정우/김정우.txt
 create mode 100644 [1주차]알고리즘분석, 1차원 배열/성윤제/새 텍스트 문서.txt
 create mode 100644 [1주차]알고리즘분석, 1차원 배열/신소연/다시다시.txt
 create mode 100644 [1주차]알고리즘분석, 1차원 배열/신소연/신소연.txt
 create mode 100644 [1주차]알고리즘분석, 1차원 배열/심윤정/심윤정.txt
 create mode 100644 [1주차]알고리즘분석, 1차원 배열/유준혁/유준혁.txt.txt
 create mode 100644 [1주차]알고리즘분석, 1차원 배열/전서현/aaa.txt
 create mode 100644 [1주차]알고리즘분석, 1차원 배열/정준영/정준영.txt
 create mode 100644 [1주차]알고리즘분석, 1차원 배열/차승연/차승연.txt.txt
 create mode 100644 [1주차]알고리즘분석, 1차원 배열/최윤정/최윤정.txt

C:\algostudy\GD_algostudy>git branch
  master
* practice

C:\algostudy\GD_algostudy>git pull
There is no tracking information for the current branch.
Please specify which branch you want to merge with.
See git-pull(1) for details.

    git pull <remote> <branch>

If you wish to set tracking information for this branch you can do so with:

    git branch --set-upstream-to=<remote>/<branch> practice


C:\algostudy\GD_algostudy>git commit -m "upload"
On branch practice
Untracked files:
        [1주차]알고리즘분석, 1차원 배열/김정우/정우야봐.txt

nothing added to commit but untracked files present

C:\algostudy\GD_algostudy>git commit -m "upload"
On branch practice
Untracked files:
        [1주차]알고리즘분석, 1차원 배열/이성준/멀바.txt

nothing added to commit but untracked files present

C:\algostudy\GD_algostudy>git pull
There is no tracking information for the current branch.
Please specify which branch you want to merge with.
See git-pull(1) for details.

    git pull <remote> <branch>

If you wish to set tracking information for this branch you can do so with:

    git branch --set-upstream-to=<remote>/<branch> practice


C:\algostudy\GD_algostudy>git commit -m "upload1"
On branch practice
Untracked files:
        [1주차]알고리즘분석, 1차원 배열/이성준/멀바.txt

nothing added to commit but untracked files present

C:\algostudy\GD_algostudy>git push origin master
Everything up-to-date

C:\algostudy\GD_algostudy>git commit -m "upload1"
On branch practice
Untracked files:
        [1주차]알고리즘분석, 1차원 배열/이성준/멀바.txt

nothing added to commit but untracked files present

C:\algostudy\GD_algostudy>add commit -m "upload1"
'add'은(는) 내부 또는 외부 명령, 실행할 수 있는 프로그램, 또는
배치 파일이 아닙니다.

C:\algostudy\GD_algostudy>git commit -m
error: switch `m' requires a value

C:\algostudy\GD_algostudy>git commit -m "안돼"
On branch practice
Untracked files:
        [1주차]알고리즘분석, 1차원 배열/이성준/멀바.txt

nothing added to commit but untracked files present

C:\algostudy\GD_algostudy>git push origin master
Everything up-to-date

C:\algostudy\GD_algostudy>git pull
There is no tracking information for the current branch.
Please specify which branch you want to merge with.
See git-pull(1) for details.

    git pull <remote> <branch>

If you wish to set tracking information for this branch you can do so with:

    git branch --set-upstream-to=<remote>/<branch> practice


C:\algostudy\GD_algostudy>git commit -m "practice"
On branch practice
Untracked files:
        [1주차]알고리즘분석, 1차원 배열/이성준/멀바.txt

nothing added to commit but untracked files present

C:\algostudy\GD_algostudy>git commit -m pull
On branch practice
Untracked files:
        [1주차]알고리즘분석, 1차원 배열/이성준/멀바.txt

nothing added to commit but untracked files present

C:\algostudy\GD_algostudy>git add *

C:\algostudy\GD_algostudy>git commit -m "prac"
[practice bf39830] prac
 1 file changed, 0 insertions(+), 0 deletions(-)
 create mode 100644 [1주차]알고리즘분석, 1차원 배열/이성준/멀바.txt

C:\algostudy\GD_algostudy>git push origin master
Everything up-to-date

C:\algostudy\GD_algostudy>gitk

C:\algostudy\GD_algostudy>